2021-10-05 22:33:21,399 root:INFO:Logging test.
